WARNING: Makefile 'package/feeds/packages/bmx7-dnsupdate/Makefile' has a dependency on 'bmx7', which does not exist
WARNING: Makefile 'package/feeds/packages/bmx7-dnsupdate/Makefile' has a dependency on 'bmx7-json', which does not exist
WARNING: Makefile 'package/feeds/luci/luci-app-babeld/Makefile' has a dependency on 'babeld', which does not exist
WARNING: Makefile 'package/feeds/luci/luci-app-bmx7/Makefile' has a dependency on 'bmx7', which does not exist
WARNING: Makefile 'package/feeds/luci/luci-app-bmx7/Makefile' has a dependency on 'bmx7-uci-config', which does not exist
WARNING: Makefile 'package/feeds/luci/luci-app-bmx7/Makefile' has a dependency on 'bmx7-json', which does not exist
WARNING: Makefile 'package/feeds/luci/luci-app-bmx7/Makefile' has a dependency on 'bmx7-tun', which does not exist
WARNING: Makefile 'package/feeds/luci/luci-app-bmx7/Makefile' has a dependency on 'bmx7-iwinfo', which does not exist
WARNING: Makefile 'package/feeds/luci/luci-app-librespeed/Makefile' has a dependency on 'librespeed-common', which does not exist
WARNING: Makefile 'package/feeds/packages/prometheus-node-exporter-lua/Makefile' has a dependency on 'bmx7', which does not exist
WARNING: Makefile 'package/feeds/packages/prometheus-node-exporter-lua/Makefile' has a dependency on 'bmx7-json', which does not exist
make[2]: Entering directory '/home/runner/work/zn515xg-d-ponwrt-build/zn515xg-d-ponwrt-build/work/ponwrt/scripts/config'
make[2]: 'conf' is up to date.
make[2]: Leaving directory '/home/runner/work/zn515xg-d-ponwrt-build/zn515xg-d-ponwrt-build/work/ponwrt/scripts/config'
 make[1] world
 make[2] tools/compile
 make[2] package/cleanup
 make[3] -C tools/flock compile
 make[3] -C tools/libdeflate compile
 make[3] -C tools/zstd compile
 make[3] -C tools/sed compile
 make[3] -C tools/patch compile
 make[3] -C tools/tar compile
 make[3] -C tools/m4 compile
 make[3] -C tools/autoconf-archive compile
 make[3] -C tools/xz compile
 make[3] -C tools/ninja compile
 make[3] -C tools/gnulib compile
 make[3] -C tools/expat compile
 make[3] -C tools/zlib compile
 make[3] -C tools/cpio compile
 make[3] -C tools/lzma compile
 make[3] -C tools/make-ext4fs compile
 make[3] -C tools/mtools compile
 make[3] -C tools/patch-image compile
 make[3] -C tools/squashfs4 compile
 make[3] -C tools/sstrip compile
 make[3] -C tools/zip compile
 make[3] -C tools/autoconf compile
 make[3] -C tools/meson compile
 make[3] -C tools/pkgconf compile
 make[3] -C tools/lz4 compile
 make[3] -C tools/missing-macros compile
 make[3] -C tools/automake compile
 make[3] -C tools/libressl compile
 make[3] -C tools/libtool compile
 make[3] -C tools/dosfstools compile
 make[3] -C tools/flex compile
 make[3] -C tools/fakeroot compile
 make[3] -C tools/gengetopt compile
 make[3] -C tools/mklibs compile
 make[3] -C tools/patchelf compile
 make[3] -C tools/gmp compile
 make[3] -C tools/cmake compile
 make[3] -C tools/bison compile
 make[3] -C tools/bc compile
 make[3] -C tools/util-linux compile
 make[3] -C tools/elfutils compile
 make[3] -C tools/findutils compile
 make[3] -C tools/mkimage compile
 make[3] -C tools/mtd-utils compile
 make[3] -C tools/mpfr compile
 make[3] -C tools/e2fsprogs compile
 make[3] -C tools/erofs-utils compile
 make[3] -C tools/padjffs2 compile
 make[3] -C tools/quilt compile
 make[3] -C tools/mpc compile
 make[3] -C tools/firmware-utils compile
 make[2] toolchain/compile
 make[3] -C toolchain/fortify-headers compile
 make[3] -C toolchain/gdb compile
 make[3] -C toolchain/binutils compile
 make[3] -C toolchain/gcc/initial compile
 make[3] -C toolchain/kernel-headers compile
 make[3] -C toolchain/musl compile
 make[3] -C toolchain/gcc/final compile
 make[2] target/compile
 make[3] -C target/linux compile
 make[2] buildinfo
 make[2] package/compile
 make[3] -C package/utils/lua host-compile
 make[3] -C package/libs/ncurses host-compile
 make[3] -C package/system/fwtool host-compile
 make[3] diffconfig buildversion feedsversion
 make[3] -C package/libs/libjson-c host-compile
 make[4] scripts/config/conf
 make[3] -C package/system/usign host-compile
 make[3] -C feeds/luci/modules/luci-base host-compile
 make[3] -C feeds/luci/contrib/package/csstidy host-compile
 make[3] -C package/utils/ucode host-compile
 make[3] -C feeds/packages/libs/yaml host-compile
 make[3] -C feeds/packages/lang/lua/luarocks host-compile
 make[3] -C feeds/packages/lang/rust host-compile
 make[3] -C feeds/packages/lang/golang/golang-bootstrap host-compile
 make[3] -C feeds/packages/libs/libffi host-compile
 make[3] -C package/utils/bzip2 host-compile
 make[3] -C package/system/apk host-compile
 make[3] -C package/libs/libubox host-compile
 make[3] -C feeds/packages/lang/ruby host-compile
 make[3] -C feeds/packages/lang/python/python3 host-compile
 make[3] -C feeds/pon_drivers/airoha-pon-frontends compile
 make[3] -C package/libs/toolchain compile
 make[3] -C package/kernel/gpio-button-hotplug compile
 make[3] -C package/system/fwtool compile
 make[3] -C package/system/ucert host-compile
 make[3] -C package/libs/libsepol compile
 make[3] -C package/libs/musl-fts compile
 make[3] -C package/system/openwrt-keyring compile
 make[3] -C package/emortal/autocore compile
 make[3] -C package/libs/jansson compile
 make[3] -C package/libs/libmnl compile
 make[3] -C feeds/luci/libs/luci-lib-uqr compile
 make[3] -C feeds/luci/protocols/luci-proto-ppp compile
 make[3] -C package/libs/openssl compile
 make[3] -C feeds/luci/protocols/luci-proto-ipv6 compile
 make[3] -C package/system/ca-certificates compile
 make[3] -C feeds/packages/libs/nghttp2 compile
 make[3] -C feeds/packages/libs/libffi compile
 make[3] -C feeds/packages/libs/yaml compile
 make[3] -C package/libs/gmp compile
 make[3] -C feeds/packages/utils/unzip compile
 make[3] -C package/libs/libnfnetlink compile
 make[3] -C package/libs/nettle compile
 make[3] -C package/utils/bzip2 compile
 make[3] -C package/libs/argp-standalone compile
 make[3] -C feeds/packages/net/chinadns-ng compile
 make[3] -C feeds/packages/utils/attr compile
 make[3] -C package/libs/libcap compile
 make[3] -C feeds/packages/net/dns2socks compile
 make[3] -C feeds/packages/net/ipt2socks compile
 make[3] -C feeds/packages/net/microsocks compile
 make[3] -C feeds/packages/net/tcping compile
 make[3] -C package/network/utils/resolveip compile
 make[3] -C feeds/packages/lang/lua/lua5.4 compile
 make[3] -C package/libs/libtool compile
 make[3] -C feeds/packages/libs/libev compile
 make[3] -C feeds/packages/lang/golang/golang1.27 host-compile
 make[3] -C feeds/packages/libs/libnetfilter-cthelper compile
 make[3] -C feeds/packages/libs/libnetfilter-cttimeout compile
 make[3] -C feeds/packages/libs/libnetfilter-queue compile
 make[3] -C feeds/packages/libs/libtirpc compile
 make[3] -C package/libs/sysfsutils compile
 make[3] -C feeds/packages/lang/python/python-flit-core host-compile
 make[3] -C feeds/packages/libs/expat compile
 make[3] -C feeds/packages/libs/libical compile
 make[3] -C feeds/packages/libs/gdbm compile
 make[3] -C feeds/packages/utils/xz compile
 make[3] -C feeds/packages/utils/zstd compile
 make[3] -C feeds/packages/net/igmpproxy compile
 make[3] -C feeds/packages/libs/libpam compile
 make[3] -C feeds/pon_drivers/airoha-xpon compile
 make[3] -C package/network/utils/ethtool compile
 make[3] -C package/libs/libpcap compile
 make[3] -C package/firmware/wireless-regdb compile
 make[3] -C package/firmware/znxt-zn515-mt7916-eeprom compile
 make[3] -C package/network/services/dropbear compile
 make[3] -C package/network/utils/linux-atm compile
 make[3] -C package/libs/mbedtls compile
 make[3] -C package/libs/libnl-tiny compile
 make[3] -C package/libs/libjson-c compile
 make[3] -C package/utils/lua compile
 make[3] -C package/libs/libmd compile
 make[3] -C package/libs/zlib compile
 make[3] -C package/firmware/linux-firmware compile
 make[3] -C package/libs/libnftnl compile
 make[3] -C feeds/luci/libs/luci-lib-ip compile
 make[3] -C feeds/luci/libs/luci-lib-jsonc compile
 make[3] -C feeds/luci/libs/luci-lib-nixio compile
 make[3] -C feeds/packages/net/curl compile
 make[3] -C package/libs/elfutils compile
 make[3] -C feeds/packages/utils/acl compile
 make[3] -C feeds/packages/lang/lua/lyaml compile
 make[3] -C feeds/packages/net/simple-obfs compile
 make[3] -C feeds/packages/lang/golang/golang host-compile
 make[3] -C feeds/packages/utils/lm-sensors compile
 make[3] -C feeds/packages/lang/python/python-installer host-compile
 make[3] -C feeds/packages/utils/dbus compile
 make[3] -C feeds/packages/libs/sqlite3 compile
 make[3] -C feeds/packages/net/iperf3 compile
 make[3] -C feeds/packages/net/openssh compile
 make[3] -C package/network/utils/tcpdump compile
 make[3] -C package/network/utils/iw compile
 make[3] -C package/libs/libubox compile
 make[3] -C package/kernel/linux compile
 make[3] -C package/libs/ncurses compile
 make[3] -C package/utils/jsonfilter compile
 make[3] -C package/libs/pcre2 compile
 make[3] -C package/system/usign compile
 make[3] -C package/network/utils/fullconenat-nft compile
 make[3] -C package/network/utils/nftables compile
 make[3] -C package/libs/ustream-ssl compile
 make[3] -C package/libs/libnetfilter-conntrack compile
 make[3] -C package/libs/libbpf compile
 make[3] -C package/network/utils/iptables compile
 make[3] -C feeds/packages/utils/coreutils compile
 make[3] -C feeds/packages/net/sing-box compile
 make[3] -C feeds/packages/net/geoview compile
 make[3] -C feeds/packages/net/v2ray-plugin compile
 make[3] -C feeds/packages/net/xray-core compile
 make[3] -C feeds/packages/net/wget compile
 make[3] -C feeds/packages/net/conntrack-tools compile
 make[3] -C feeds/packages/admin/htop compile
 make[3] -C feeds/packages/lang/python/python-packaging host-compile
 make[3] -C feeds/packages/lang/python/python-pyproject-hooks host-compile
 make[3] -C feeds/packages/libs/glib2 compile
 make[3] -C feeds/packages/kernel/ovpn-dco compile
 make[3] -C package/system/mtd compile
 make[3] -C package/firmware/rtl826x-firmware compile
 make[3] -C package/network/services/shellsync compile
 make[3] -C package/system/urngd compile
 make[3] -C package/system/ubus compile
 make[3] -C package/system/uci compile
 make[3] -C package/utils/util-linux compile
 make[3] -C package/libs/libselinux compile
 make[3] -C package/network/services/odhcpd compile
 make[3] -C package/network/utils/iwinfo compile
 make[3] -C feeds/packages/net/cgi-io compile
 make[3] -C package/libs/readline compile
 make[3] -C package/network/services/dnsmasq compile
 make[3] -C package/network/utils/iproute2 compile
 make[3] -C feeds/packages/lang/python/python-build host-compile
 make[3] -C package/network/ipv6/odhcp6c compile
 make[3] -C package/network/services/omcproxy compile
 make[3] -C package/network/services/ppp compile
 make[3] -C package/utils/ucode compile
 make[3] -C package/utils/mtd-utils compile
 make[3] -C package/utils/busybox compile
 make[3] -C feeds/luci/contrib/package/lucihttp compile
 make[3] -C package/system/rpcd compile
 make[3] -C feeds/luci/contrib/package/ucode-mod-html compile
 make[3] -C package/network/config/firewall4 compile
 make[3] -C feeds/luci/libs/rpcd-mod-rrdns compile
 make[3] -C package/network/services/uhttpd compile
 make[3] -C feeds/luci/libs/luci-lib-base compile
 make[3] -C feeds/luci/contrib/package/ucode-mod-lua compile
 make[3] -C feeds/packages/utils/bash compile
 make[3] -C feeds/packages/lang/ruby compile
 make[3] -C feeds/packages/net/haproxy compile
 make[3] -C package/libs/uclient compile
 make[3] -C feeds/packages/lang/python/python-wheel host-compile
 make[3] -C feeds/packages/utils/bluez compile
 make[3] -C package/system/apk compile
 make[3] -C package/libs/udebug compile
 make[3] -C feeds/luci/libs/rpcd-mod-luci compile
 make[3] -C feeds/luci/themes/luci-theme-argon compile
luci-theme-argon does not support CSS source minification
luci-theme-argon does not support CSS source minification
 make[3] -C feeds/packages/lang/python/python-setuptools host-compile
 make[3] -C feeds/packages/lang/python/python3 compile
 make[3] -C package/network/services/hostapd compile
 make[3] -C package/network/config/netifd compile
 make[3] -C package/system/ubox compile
 make[3] -C feeds/luci/modules/luci-base compile
 make[3] -C package/network/config/wifi-scripts compile
 make[3] -C package/system/urandom-seed compile
 make[3] -C package/system/fstools compile
 make[3] -C feeds/luci/applications/luci-app-package-manager compile
 make[3] -C feeds/luci/applications/luci-app-firewall compile
 make[3] -C feeds/luci/modules/luci-mod-network compile
 make[3] -C feeds/luci/modules/luci-mod-status compile
 make[3] -C feeds/luci/modules/luci-mod-system compile
 make[3] -C feeds/luci/themes/luci-theme-bootstrap compile
 make[3] -C feeds/luci/modules/luci-lua-runtime compile
 make[3] -C feeds/pon_userspace/luci-app-iptv compile
 make[3] -C package/system/procd compile
 make[3] -C package/boot/uboot-tools compile
 make[3] -C feeds/luci/modules/luci-mod-admin-full compile
 make[3] -C feeds/luci/modules/luci-compat compile
 make[3] -C package/utils/fitblk compile
 make[3] -C package/base-files compile
 make[3] -C feeds/luci/collections/luci-light compile
 make[3] -C feeds/luci/applications/luci-app-openclash compile
 make[3] -C package/kernel/mac80211 compile
 make[3] -C feeds/luci/collections/luci compile
 make[3] -C feeds/packages/net/shadowsocks-rust compile
 make[3] -C feeds/pon_userspace/airoha-pon-daemons compile
 make[3] -C feeds/pon_userspace/airoha-ponctl compile
 make[3] -C package/kernel/mt76 compile
 make[3] -C feeds/pon_userspace/airoha-pon-debug compile
 make[3] -C feeds/pon_userspace/luci-app-pon compile
 make[3] -C feeds/packages/utils/i2c-tools compile
 make[3] -C feeds/luci/applications/luci-app-passwall compile
 make[2] package/install
 make[2] target/install
 make[3] -C target/linux install
 make[2] package/index
 make[2] json_overview_image_info
 make[2] checksum
