WARNING: Makefile 'package/feeds/packages/bmx7-dnsupdate/Makefile' has a dependency on 'bmx7', which does not exist
WARNING: Makefile 'package/feeds/packages/bmx7-dnsupdate/Makefile' has a dependency on 'bmx7-json', which does not exist
WARNING: Makefile 'package/feeds/luci/luci-app-babeld/Makefile' has a dependency on 'babeld', which does not exist
WARNING: Makefile 'package/feeds/luci/luci-app-bmx7/Makefile' has a dependency on 'bmx7', which does not exist
WARNING: Makefile 'package/feeds/luci/luci-app-bmx7/Makefile' has a dependency on 'bmx7-uci-config', which does not exist
WARNING: Makefile 'package/feeds/luci/luci-app-bmx7/Makefile' has a dependency on 'bmx7-json', which does not exist
WARNING: Makefile 'package/feeds/luci/luci-app-bmx7/Makefile' has a dependency on 'bmx7-tun', which does not exist
WARNING: Makefile 'package/feeds/luci/luci-app-bmx7/Makefile' has a dependency on 'bmx7-iwinfo', which does not exist
WARNING: Makefile 'package/feeds/luci/luci-app-librespeed/Makefile' has a dependency on 'librespeed-common', which does not exist
WARNING: Makefile 'package/feeds/packages/prometheus-node-exporter-lua/Makefile' has a dependency on 'bmx7', which does not exist
WARNING: Makefile 'package/feeds/packages/prometheus-node-exporter-lua/Makefile' has a dependency on 'bmx7-json', which does not exist
 make[1] tools/download
 make[2] -C tools/autoconf download
 make[2] -C tools/autoconf-archive download
 make[2] -C tools/automake download
 make[2] -C tools/bc download
 make[2] -C tools/bison download
 make[2] -C tools/cmake download
 make[2] -C tools/cpio download
 make[2] -C tools/dosfstools download
 make[2] -C tools/e2fsprogs download
 make[2] -C tools/elfutils download
 make[2] -C tools/erofs-utils download
 make[2] -C tools/expat download
 make[2] -C tools/fakeroot download
 make[2] -C tools/findutils download
 make[2] -C tools/firmware-utils download
 make[2] -C tools/flex download
 make[2] -C tools/gengetopt download
 make[2] -C tools/gnulib download
 make[2] -C tools/libressl download
 make[2] -C tools/libtool download
 make[2] -C tools/lzma download
 make[2] -C tools/m4 download
 make[2] -C tools/make-ext4fs download
 make[2] -C tools/meson download
 make[2] -C tools/missing-macros download
 make[2] -C tools/mkimage download
 make[2] -C tools/mklibs download
 make[2] -C tools/mtd-utils download
 make[2] -C tools/mtools download
 make[2] -C tools/ninja download
 make[2] -C tools/padjffs2 download
 make[2] -C tools/patch-image download
 make[2] -C tools/patchelf download
 make[2] -C tools/pkgconf download
 make[2] -C tools/quilt download
 make[2] -C tools/squashfs4 download
 make[2] -C tools/sstrip download
 make[2] -C tools/util-linux download
 make[2] -C tools/xz download
 make[2] -C tools/zip download
 make[2] -C tools/zlib download
 make[2] -C tools/gmp download
 make[2] -C tools/mpc download
 make[2] -C tools/mpfr download
 make[2] -C tools/libdeflate download
 make[2] -C tools/patch download
 make[2] -C tools/tar download
 make[2] -C tools/zstd download
 make[2] -C tools/flock download
 make[2] -C tools/sed download
 make[1] toolchain/download
 make[2] -C toolchain/gdb download
 make[2] -C toolchain/kernel-headers download
 make[2] -C toolchain/binutils download
 make[2] -C toolchain/gcc/initial download
 make[2] -C toolchain/gcc/final download
 make[2] -C toolchain/musl download
 make[2] -C toolchain/fortify-headers download
 make[1] package/download
 make[2] -C package/base-files download
 make[2] -C package/boot/uboot-tools download
 make[2] -C package/emortal/autocore download
 make[2] -C feeds/luci/collections/luci download
 make[2] -C feeds/luci/applications/luci-app-firewall download
 make[2] -C feeds/luci/applications/luci-app-openclash download
 make[2] -C feeds/luci/applications/luci-app-package-manager download
 make[2] -C feeds/luci/applications/luci-app-passwall download
 make[2] -C feeds/luci/modules/luci-base download
 make[2] -C feeds/luci/modules/luci-compat download
 make[2] -C feeds/luci/libs/luci-lib-base download
 make[2] -C feeds/luci/libs/luci-lib-ip download
 make[2] -C feeds/luci/libs/luci-lib-jsonc download
 make[2] -C feeds/luci/libs/luci-lib-nixio download
 make[2] -C feeds/luci/libs/luci-lib-uqr download
 make[2] -C feeds/luci/collections/luci-light download
 make[2] -C feeds/luci/modules/luci-lua-runtime download
 make[2] -C feeds/luci/modules/luci-mod-admin-full download
 make[2] -C feeds/luci/modules/luci-mod-network download
 make[2] -C feeds/luci/modules/luci-mod-status download
 make[2] -C feeds/luci/modules/luci-mod-system download
 make[2] -C feeds/luci/protocols/luci-proto-ipv6 download
 make[2] -C feeds/luci/protocols/luci-proto-ppp download
 make[2] -C feeds/luci/themes/luci-theme-argon download
 make[2] -C feeds/luci/themes/luci-theme-bootstrap download
 make[2] -C feeds/luci/contrib/package/lucihttp download
 make[2] -C feeds/luci/libs/rpcd-mod-luci download
 make[2] -C feeds/luci/libs/rpcd-mod-rrdns download
 make[2] -C feeds/luci/contrib/package/ucode-mod-html download
 make[2] -C feeds/luci/contrib/package/ucode-mod-lua download
 make[2] -C feeds/packages/utils/bash download
 make[2] -C feeds/packages/net/cgi-io download
 make[2] -C feeds/packages/net/chinadns-ng download
 make[2] -C feeds/packages/net/conntrack-tools download
 make[2] -C feeds/packages/utils/coreutils download
 make[2] -C feeds/packages/net/curl download
 make[2] -C feeds/packages/net/dns2socks download
 make[2] -C feeds/packages/net/geoview download
 make[2] -C feeds/packages/net/haproxy download
 make[2] -C feeds/packages/admin/htop download
 make[2] -C feeds/packages/utils/i2c-tools download
 make[2] -C feeds/packages/net/igmpproxy download
 make[2] -C feeds/packages/net/iperf3 download
 make[2] -C feeds/packages/net/ipt2socks download
 make[2] -C feeds/packages/libs/libev download
 make[2] -C feeds/packages/libs/libnetfilter-cthelper download
 make[2] -C feeds/packages/libs/libnetfilter-cttimeout download
 make[2] -C feeds/packages/libs/libnetfilter-queue download
 make[2] -C feeds/packages/lang/lua/lua5.4 download
 make[2] -C feeds/packages/lang/lua/lyaml download
 make[2] -C feeds/packages/net/microsocks download
 make[2] -C feeds/packages/libs/nghttp2 download
 make[2] -C feeds/packages/net/openssh download
 make[2] -C feeds/packages/kernel/ovpn-dco download
 make[2] -C feeds/packages/lang/ruby download
 make[2] -C feeds/packages/net/shadowsocks-rust download
 make[2] -C feeds/packages/net/simple-obfs download
 make[2] -C feeds/packages/net/sing-box download
 make[2] -C feeds/packages/net/tcping download
 make[2] -C feeds/packages/utils/unzip download
 make[2] -C feeds/packages/net/v2ray-plugin download
 make[2] -C feeds/packages/net/wget download
 make[2] -C feeds/packages/net/xray-core download
 make[2] -C feeds/packages/libs/yaml download
 make[2] -C feeds/pon_drivers/airoha-pon-frontends download
 make[2] -C feeds/pon_drivers/airoha-xpon download
 make[2] -C feeds/pon_userspace/airoha-pon-daemons download
 make[2] -C feeds/pon_userspace/airoha-pon-debug download
 make[2] -C feeds/pon_userspace/airoha-ponctl download
 make[2] -C feeds/pon_userspace/luci-app-iptv download
 make[2] -C feeds/pon_userspace/luci-app-pon download
 make[2] -C package/firmware/linux-firmware download
 make[2] -C package/firmware/rtl826x-firmware download
 make[2] -C package/firmware/wireless-regdb download
 make[2] -C package/firmware/znxt-zn515-mt7916-eeprom download
 make[2] -C package/kernel/gpio-button-hotplug download
 make[2] -C package/kernel/linux download
 make[2] -C package/kernel/mac80211 download
 make[2] -C package/kernel/mt76 download
 make[2] -C package/libs/elfutils download
 make[2] -C package/libs/gmp download
 make[2] -C package/libs/jansson download
 make[2] -C package/libs/libbpf download
 make[2] -C package/libs/libjson-c download
 make[2] -C package/libs/libmnl download
 make[2] -C package/libs/libnetfilter-conntrack download
 make[2] -C package/libs/libnfnetlink download
 make[2] -C package/libs/libnftnl download
 make[2] -C package/libs/libnl-tiny download
 make[2] -C package/libs/libpcap download
 make[2] -C package/libs/libtool download
 make[2] -C package/libs/libubox download
 make[2] -C package/libs/ncurses download
 make[2] -C package/libs/nettle download
 make[2] -C package/libs/openssl download
 make[2] -C package/libs/pcre2 download
 make[2] -C package/libs/readline download
 make[2] -C package/libs/toolchain download
 make[2] -C package/libs/uclient download
 make[2] -C package/libs/udebug download
 make[2] -C package/libs/ustream-ssl download
 make[2] -C package/libs/zlib download
 make[2] -C package/network/config/firewall4 download
 make[2] -C package/network/config/netifd download
 make[2] -C package/network/config/wifi-scripts download
 make[2] -C package/network/ipv6/odhcp6c download
 make[2] -C package/network/services/dnsmasq download
 make[2] -C package/network/services/dropbear download
 make[2] -C package/network/services/hostapd download
 make[2] -C package/network/services/odhcpd download
 make[2] -C package/network/services/omcproxy download
 make[2] -C package/network/services/ppp download
 make[2] -C package/network/services/shellsync download
 make[2] -C package/network/services/uhttpd download
 make[2] -C package/network/utils/ethtool download
 make[2] -C package/network/utils/fullconenat-nft download
 make[2] -C package/network/utils/iproute2 download
 make[2] -C package/network/utils/iw download
 make[2] -C package/network/utils/iwinfo download
 make[2] -C package/network/utils/nftables download
 make[2] -C package/network/utils/resolveip download
 make[2] -C package/network/utils/tcpdump download
 make[2] -C package/system/apk download
 make[2] -C package/system/ca-certificates download
 make[2] -C package/system/fstools download
 make[2] -C package/system/fwtool download
 make[2] -C package/system/mtd download
 make[2] -C package/system/openwrt-keyring download
 make[2] -C package/system/procd download
 make[2] -C package/system/rpcd download
 make[2] -C package/system/ubox download
 make[2] -C package/system/ubus download
 make[2] -C package/system/uci download
 make[2] -C package/system/urandom-seed download
 make[2] -C package/system/urngd download
 make[2] -C package/system/usign download
 make[2] -C package/utils/busybox download
 make[2] -C package/utils/fitblk download
 make[2] -C package/utils/jsonfilter download
 make[2] -C package/utils/lua download
 make[2] -C package/utils/mtd-utils download
 make[2] -C package/utils/ucode download
 make[2] -C package/utils/util-linux download
 make[1] target/download
 make[2] -C target/linux download
